

============================================================
NEW BENCHMARK RUN: 11:59:57
============================================================


============================================================
NEW BENCHMARK RUN: 11:59:57
============================================================


============================================================
NEW BENCHMARK RUN: 11:59:57
============================================================


============================================================
NEW BENCHMARK RUN: 11:59:57
============================================================


============================================================
NEW BENCHMARK RUN: 11:59:57
============================================================


============================================================
NEW BENCHMARK RUN: 11:59:57
============================================================


============================================================
NEW BENCHMARK RUN: 11:59:57
============================================================


============================================================
NEW BENCHMARK RUN: 11:59:57
============================================================


============================================================
NEW BENCHMARK RUN: 11:59:57
============================================================


============================================================
NEW BENCHMARK RUN: 11:59:57
============================================================


============================================================
NEW BENCHMARK RUN: 11:59:57
============================================================


============================================================
NEW BENCHMARK RUN: 11:59:57
============================================================


============================================================
NEW BENCHMARK RUN: 11:59:57
============================================================

--- FINAL EXECUTION SUMMARY ---
Total Requests: 249374
Total Duration: 5.10 seconds

SOCKET ERRORS (The 'Why'):
  Connect Errors: 0
  Read Errors:    0 (Server dropped the ball)
  Write Errors:   0
  Timeout Errors: 0

============================================================


============================================================
NEW BENCHMARK RUN: 12:02:42
============================================================


============================================================
NEW BENCHMARK RUN: 12:02:42
============================================================


============================================================
NEW BENCHMARK RUN: 12:02:42
============================================================


============================================================
NEW BENCHMARK RUN: 12:02:42
============================================================


============================================================
NEW BENCHMARK RUN: 12:02:42
============================================================


============================================================
NEW BENCHMARK RUN: 12:02:42
============================================================


============================================================
NEW BENCHMARK RUN: 12:02:42
============================================================


============================================================
NEW BENCHMARK RUN: 12:02:42
============================================================


============================================================
NEW BENCHMARK RUN: 12:02:42
============================================================


============================================================
NEW BENCHMARK RUN: 12:02:42
============================================================


============================================================
NEW BENCHMARK RUN: 12:02:42
============================================================


============================================================
NEW BENCHMARK RUN: 12:02:42
============================================================


============================================================
NEW BENCHMARK RUN: 12:02:42
============================================================

--- FINAL EXECUTION SUMMARY ---
Total Requests: 248997
Total Duration: 5.10 seconds

SOCKET ERRORS (The 'Why'):
  Connect Errors: 0
  Read Errors:    0 (Server dropped the ball)
  Write Errors:   0
  Timeout Errors: 0

============================================================


============================================================
NEW BENCHMARK RUN: 12:06:57
============================================================


============================================================
NEW BENCHMARK RUN: 12:06:57
============================================================


============================================================
NEW BENCHMARK RUN: 12:06:57
============================================================


============================================================
NEW BENCHMARK RUN: 12:06:57
============================================================


============================================================
NEW BENCHMARK RUN: 12:06:57
============================================================


============================================================
NEW BENCHMARK RUN: 12:06:57
============================================================


============================================================
NEW BENCHMARK RUN: 12:06:57
============================================================


============================================================
NEW BENCHMARK RUN: 12:06:57
============================================================


============================================================
NEW BENCHMARK RUN: 12:06:57
============================================================


============================================================
NEW BENCHMARK RUN: 12:06:57
============================================================


============================================================
NEW BENCHMARK RUN: 12:06:57
============================================================


============================================================
NEW BENCHMARK RUN: 12:06:57
============================================================


============================================================
NEW BENCHMARK RUN: 12:06:57
============================================================

--- FINAL EXECUTION SUMMARY ---
Total Requests: 240087
Total Duration: 5.10 seconds

SOCKET ERRORS (The 'Why'):
  Connect Errors: 0
  Read Errors:    0 (Server dropped the ball)
  Write Errors:   0
  Timeout Errors: 0

============================================================


============================================================
NEW BENCHMARK RUN: 12:10:06
============================================================


============================================================
NEW BENCHMARK RUN: 12:10:06
============================================================


============================================================
NEW BENCHMARK RUN: 12:10:06
============================================================


============================================================
NEW BENCHMARK RUN: 12:10:06
============================================================


============================================================
NEW BENCHMARK RUN: 12:10:06
============================================================


============================================================
NEW BENCHMARK RUN: 12:10:06
============================================================


============================================================
NEW BENCHMARK RUN: 12:10:06
============================================================


============================================================
NEW BENCHMARK RUN: 12:10:06
============================================================


============================================================
NEW BENCHMARK RUN: 12:10:06
============================================================


============================================================
NEW BENCHMARK RUN: 12:10:06
============================================================


============================================================
NEW BENCHMARK RUN: 12:10:06
============================================================


============================================================
NEW BENCHMARK RUN: 12:10:06
============================================================


============================================================
NEW BENCHMARK RUN: 12:10:06
============================================================

--- FINAL EXECUTION SUMMARY ---
Total Requests: 245692
Total Duration: 5.10 seconds

SOCKET ERRORS (The 'Why'):
  Connect Errors: 0
  Read Errors:    0 (Server dropped the ball)
  Write Errors:   0
  Timeout Errors: 0

============================================================


============================================================
NEW BENCHMARK RUN: 12:14:02
============================================================


============================================================
NEW BENCHMARK RUN: 12:14:48
============================================================


============================================================
NEW BENCHMARK RUN: 12:14:48
============================================================


============================================================
NEW BENCHMARK RUN: 12:14:48
============================================================


============================================================
NEW BENCHMARK RUN: 12:14:48
============================================================


============================================================
NEW BENCHMARK RUN: 12:14:48
============================================================


============================================================
NEW BENCHMARK RUN: 12:14:48
============================================================


============================================================
NEW BENCHMARK RUN: 12:14:48
============================================================


============================================================
NEW BENCHMARK RUN: 12:14:48
============================================================


============================================================
NEW BENCHMARK RUN: 12:14:48
============================================================


============================================================
NEW BENCHMARK RUN: 12:14:48
============================================================


============================================================
NEW BENCHMARK RUN: 12:14:48
============================================================


============================================================
NEW BENCHMARK RUN: 12:14:48
============================================================


============================================================
NEW BENCHMARK RUN: 12:14:48
============================================================

--- FINAL EXECUTION SUMMARY ---
Total Requests: 247028
Total Duration: 5.10 seconds

SOCKET ERRORS (The 'Why'):
  Connect Errors: 0
  Read Errors:    0 (Server dropped the ball)
  Write Errors:   0
  Timeout Errors: 0

============================================================
